// Jest Snapshot v1, https://goo.gl/fbAQLP

exports[`ContentType should render correctly 1`] = `
<DocumentFragment>
  <div
    id="header-title"
  >
    Test Title
  </div>
</DocumentFragment>
`;
