// Jest Snapshot v1, https://goo.gl/fbAQLP

exports[`ContentType should render correctly 1`] = `
<DocumentFragment>
  <div
    id="fields-container-body"
  >
    <div
      id="fields-container-header"
    >
      <div
        id="fields-container-title"
      >
        name
      </div>
      <div
        id="container-title-edit"
      >
        <img
          alt="container-title-edit"
          src="user-pencil-write-ui-education@3x.png"
        />
      </div>
    </div>
    <div
      id="fields-count"
    >
      2 fields
    </div>
    <div
      id="add-field-button"
    >
      Add Another Field
    </div>
    <div
      id="fields-container-content"
    >
      <div
        id="field-body"
      >
        <div
          id="field-name"
        >
          name
        </div>
        <div
          id="field-type"
        >
          Text
        </div>
        <div
          id="field-actions"
        >
          <div
            id="field-delete"
          >
            <img
              alt="delete-icon"
              src="trash-delete-recycle-bin-bucket-waste@3x.png"
            />
          </div>
          <div
            id="field-edit"
          >
            <img
              alt="edit-icon"
              src="user-pencil-write-ui-education@3x.png"
            />
          </div>
        </div>
      </div>
      <div
        id="field-body"
      >
        <div
          id="field-name"
        >
          age
        </div>
        <div
          id="field-type"
        >
          Text
        </div>
        <div
          id="field-actions"
        >
          <div
            id="field-delete"
          >
            <img
              alt="delete-icon"
              src="trash-delete-recycle-bin-bucket-waste@3x.png"
            />
          </div>
          <div
            id="field-edit"
          >
            <img
              alt="edit-icon"
              src="user-pencil-write-ui-education@3x.png"
            />
          </div>
        </div>
      </div>
    </div>
  </div>
</DocumentFragment>
`;
